// Jest Snapshot v1, https://goo.gl/fbAQLP

exports[`Pruebas en el componente de <GifItem/> deberia de hacer match con el snapshot  1`] = `
<div>
  <div
    class="card"
  >
    <img
      alt="Spiderman"
      src="https://spiderman/spiderman.jpg"
    />
    <p>
      Spiderman
    </p>
  </div>
</div>
`;
